// Jest Snapshot v1, https://goo.gl/fbAQLP

exports[`Test en <GifExpertApp/> Debe hacer match con snapshot 1`] = `
<div>
  <h1>
    ¡Gracias por estar aquí!
  </h1>
  <h4>
    Esto es una práctica de React sencilla en la que el usuario obtiene 10 resultados de Giphy por cada búsqueda.
    <br />
    Como extra, están capadas las duplicidades de búsquedas, aun diferenciándolas por mayúsculas o minúsculas.
  </h4>
  <div
    class="tool-content"
  >
    <form
      aria-label="form"
      id="form01"
    >
      <input
        placeholder="Buscar gifs"
        type="text"
        value=""
      />
    </form>
    <button
      class="buttons"
      form="form01"
      type="submit"
      value="{SubmitEvent}"
    >
      Buscar
    </button>
    <button
      class="buttons"
    >
      Borrar
    </button>
  </div>
  <ol />
</div>
`;
